// Jest Snapshot v1, https://goo.gl/fbAQLP

exports[`AxiosInstance component renders properly 1`] = `undefined`;
