// Jest Snapshot v1, https://goo.gl/fbAQLP

exports[`Change password component renders properly 1`] = `
<div
  aria-hidden="true"
  aria-labelledby="exampleModalCenterTitle"
  className="modal fade"
  id="changepassword"
  role="dialog"
  tabIndex="-1"
>
  <div
    className="modal-dialog"
    role="document"
  >
    <div
      className="modal-content"
    >
      <div
        className="modal-header"
      >
        <h5
          className="modal-title"
          id="exampleModalLongTitle"
        >
          Change password here
        </h5>
        <button
          aria-label="Close"
          className="close"
          data-dismiss="modal"
          type="button"
        >
          <span
            aria-hidden="true"
          >
            Ã—
          </span>
        </button>
      </div>
      <div
        className="modal-body"
      >
        <form
          className="form-horizontal"
          onSubmit={[Function]}
        >
          <div
            className="form-group"
          >
            <label
              className="control-label col-sm-2"
            >
              New password:
            </label>
            <div
              className="col-sm-10"
            >
              <input
                className="form-control"
                name="password"
                onChange={[Function]}
                placeholder="Enter new password"
                type="password"
              />
            </div>
          </div>
          <div
            className="form-group"
          >
            <label
              className="control-label col-sm-2"
            >
              Confirm Password:
            </label>
            <div
              className="col-sm-10"
            >
              <input
                className="form-control"
                name="retypedPassword"
                onChange={[Function]}
                placeholder="Confirm paswword"
                type="password"
              />
            </div>
          </div>
          <div
            className="modal-footer"
          >
            <button
              className="btn btn-danger"
              data-dismiss="modal"
              onClick={[Function]}
              type="button"
            >
              Close
            </button>
            <button
              className="btn btn-primary"
              type="submit"
            >
              Change password
            </button>
          </div>
        </form>
      </div>
    </div>
  </div>
</div>
`;
