// Jest Snapshot v1, https://goo.gl/fbAQLP

exports[`Edit recipes component renders properly 1`] = `
<div
  aria-hidden="true"
  aria-labelledby="exampleModalCenterTitle"
  className="modal fade"
  role="dialog"
  tabIndex="-1"
>
  <div
    className="modal-dialog"
    role="document"
  >
    <div
      className="modal-content"
    >
      <div
        className="modal-header"
      >
        <h5
          className="modal-title"
          id="exampleModalLongTitle"
        >
          Delete Recipe (
          cool stuff
          )
          <a
            className="pull-right"
            data-dismiss="modal"
            href=""
          >
            X
          </a>
        </h5>
      </div>
      <div
        className="modal-body"
      >
        <div
          className=" col-sm-12"
        >
          <h4>
            Are you sure you want to delete recipe 
            <label
              className="control-label"
            >
               
              cool stuff
              ?
            </label>
          </h4>
        </div>
      </div>
      <div
        className="modal-footer"
      >
        <button
          className="btn btn-default"
          data-dismiss="modal"
        >
          <i
            className="glyphicon glyphicon-remove"
          />
           No, Cancel
        </button>
        <button
          className="btn btn-danger"
          data-dismiss="modal"
          onClick={[Function]}
          type="button"
        >
          <i
            className="glyphicon glyphicon-ok"
          />
           Yes, Delete
        </button>
      </div>
    </div>
  </div>
</div>
`;
