// Jest Snapshot v1, https://goo.gl/fbAQLP

exports[`Home component renders properly 1`] = `
<div
  id="all_categories"
>
  <Header />
  <Toaster />
  <CreateCategory
    categoryAfterCreation={[Function]}
  />
  <div
    className="container"
  >
    <div
      className="col-sm-14"
    >
      <div
        className="panel panel"
      >
        <div
          className="panel-body"
        >
          <div
            className="row"
          >
            <div
              className="col-sm-2"
            >
              <h5>
                <i
                  className="glyphicon glyphicon-list"
                />
                 Category List 
                <span
                  className="label label-info"
                />
              </h5>
            </div>
            <div
              className="col-sm-7"
            >
              <div
                className="form-group has-feedback has-search"
              >
                <span
                  className="glyphicon glyphicon-search form-control-feedback"
                />
                <input
                  className="form-control"
                  name="keywordSearch"
                  onChange={[Function]}
                  placeholder="Search for a category..."
                  type="text"
                />
              </div>
            </div>
            <div
              className="col-sm-3"
            >
              <a
                className="btn btn-primary"
                data-target="#createcategory"
                data-toggle="modal"
                href="#createcategory"
              >
                <i
                  className="glyphicon glyphicon-plus"
                />
                Create Category
              </a>
            </div>
          </div>
          <hr />
          <div />
          <label />
          <div
            className="row"
          />
        </div>
        <div
          className="panel-footer bg-dark"
        >
          <Pagination
            bsClass="pagination"
          >
            <Pagination
              bsClass="pagination"
              bsSize="large"
            />
          </Pagination>
        </div>
      </div>
    </div>
  </div>
</div>
`;
