// Jest Snapshot v1, https://goo.gl/fbAQLP

exports[`Logout component renders properly 1`] = `
<span>
  logging out...
</span>
`;
