// Jest Snapshot v1, https://goo.gl/fbAQLP

exports[`view procedure modal component renders properly 1`] = `
<div
  aria-hidden="true"
  aria-labelledby="exampleModalCenterTitle"
  className="modal fade"
  role="dialog"
  tabIndex="-1"
>
  <div
    className="modal-dialog"
    role="document"
  >
    <div
      className="modal-content"
    >
      <div
        className="modal-header"
      >
        <h5
          className="modal-title"
          id="exampleModalLongTitle"
        >
          Procedure for preparing 
          cool stuff
        </h5>
        <button
          aria-label="Close"
          className="close"
          data-dismiss="modal"
          type="button"
        >
          <span
            aria-hidden="true"
          >
            Ã—
          </span>
        </button>
      </div>
      <div
        className="modal-body"
      >
        <div
          className="procedure"
        >
          fghbjnk
        </div>
      </div>
      <div
        className="modal-footer"
      >
        <button
          className="btn btn-danger"
          data-dismiss="modal"
        >
          Close
        </button>
      </div>
    </div>
  </div>
</div>
`;
