// Jest Snapshot v1, https://goo.gl/fbAQLP

exports[`Login component renders properly 1`] = `
<div
  className="container"
>
  <Toaster />
  <ResetPassword />
  <div
    className="panels_detail col-sm-offset-3 col-sm-6"
  >
    <div
      className="panel panel-info"
    >
      <div
        className="panel-heading"
      >
        <div
          className="panel-title"
        >
          Login
        </div>
        <div
          className="forgot_pass"
        >
          <a
            data-target="#resetpassword"
            data-toggle="modal"
            href="#resetpassword"
          >
            Forgot password?
          </a>
        </div>
      </div>
      <div
        className="panel-body"
      >
        <form
          className="form-horizontal"
          onSubmit={[Function]}
        >
          <div
            className="form-group"
          >
            <label
              className="control-label col-sm-2"
            >
              Email:
            </label>
            <div
              className="col-sm-10"
            >
              <input
                className="form-control"
                id="reg_email"
                name="email"
                onChange={[Function]}
                placeholder="Enter email"
                type="email"
                value=""
              />
            </div>
          </div>
          <div
            className="form-group"
          >
            <label
              className="control-label col-sm-2"
            >
              Password:
            </label>
            <div
              className="col-sm-10"
            >
              <input
                className="form-control"
                id="reg_password"
                name="password"
                onChange={[Function]}
                placeholder="Enter password"
                type="password"
                value=""
              />
            </div>
          </div>
          <div
            className="form-group"
          >
            <div
              className="col-sm-offset-2 col-sm-12"
            >
              <button
                className="btn btn-default"
                type="submit"
              >
                <i
                  className="glyphicon glyphicon-log-in"
                />
                  Login
              </button>
            </div>
          </div>
          <div
            className="col-sm-offset-2 col-sm-12"
          >
            You don't have an account yet? Register 
            <a
              href="/register"
            >
              here
            </a>
          </div>
        </form>
      </div>
    </div>
  </div>
</div>
`;
